Microchip MPLAB XC8 Compiler V2.45

Linker command line:

-W-3 \
  --edf=C:\Program Files\Microchip\xc8\v2.45\pic\dat\20230818022343_en.msgs \
  -cn -h+dist/default/debug\PIC18F4620_Drivers.debug.sym \
  --cmf=dist/default/debug\PIC18F4620_Drivers.debug.cmf -z -Q18F4620 \
  -oC:\Users\kinge\AppData\Local\Temp\xcAsdd8.\driver_tmp_3.o \
  --defsym=__MPLAB_BUILD=1 --fixupoverflow=error \
  -Mdist/default/debug/PIC18F4620_Drivers.debug.map \
  --md=C:\Users\kinge\AppData\Local\Temp\xcAsdd8.\driver_tmp_0.dat -E1 \
  -ver=XC8 Compiler --acfsm=1493 -ACODE=00h-0FFFFh -ACONST=00h-0FFFFh \
  -ASMALLCONST=01000h-010FFhx240 -AMEDIUMCONST=01000h-0FFFFh \
  -ACOMRAM=01h-07Fh -AABS1=00h-0F7Fh -ABIGRAM=01h-0F7Fh \
  -ARAM=080h-0FFh,0100h-01FFhx14,0F00h-0F7Fh -ABANK0=080h-0FFh \
  -ABANK1=0100h-01FFh -ABANK2=0200h-02FFh -ABANK3=0300h-03FFh \
  -ABANK4=0400h-04FFh -ABANK5=0500h-05FFh -ABANK6=0600h-06FFh \
  -ABANK7=0700h-07FFh -ABANK8=0800h-08FFh -ABANK9=0900h-09FFh \
  -ABANK10=0A00h-0AFFh -ABANK11=0B00h-0BFFh -ABANK12=0C00h-0CFFh \
  -ABANK13=0D00h-0DFFh -ABANK14=0E00h-0EFFh -ABANK15=0F00h-0F7Fh \
  -ASFR=0F80h-0FFFh -ABIGSFR=0F80h-0FFFh -ACONFIG=0300000h-030000Dh \
  -AIDLOC=0200000h-0200007h -AEEDATA=0F00000h-0F003FFh -peeprom_data=EEDATA \
  -preset_vec=00h,intcode=08h,intcodelo,powerup,init -pramtop=01000h \
  -psmallconst=SMALLCONST -pmediumconst=MEDIUMCONST -pconst=CONST \
  -AFARRAM=00h-00h \
  -prdata=COMRAM,nvrram=COMRAM,nvbit=COMRAM,rbss=COMRAM,rbit=COMRAM \
  -pfarbss=FARRAM,fardata=FARRAM,nvFARRAM=FARRAM \
  -pintsave_regs=BIGRAM,bigbss=BIGRAM,bigdata=BIGRAM -pbss=RAM \
  -pidata=CODE,irdata=CODE,ibigdata=CODE,ifardata=CODE -prparam=COMRAM \
  C:\Users\kinge\AppData\Local\Temp\xcAsdd8.\driver_tmp_9.o \
  dist/default/debug\PIC18F4620_Drivers.debug.o 

Object code version is 3.11

Machine type is 18F4620



                Name                               Link     Load   Length Selector   Space Scale
C:\Users\kinge\AppData\Local\Temp\xcAsdd8.\driver_tmp_9.o
                config                           300000   300000        E        0       4
                init                                  E        E        4        4       0
                reset_vec                             0        0        4        0       0
dist/default/debug\PIC18F4620_Drivers.debug.o
                intcode                               8        8        6        4       0
                config                           300000   300000        E        0       4
                temp                                 7A       7A        1        1       1
                smallconst                         1000     1000       16      800       0
                text20                             154A     154A        4      A40       0
                text19                             1546     1546        4      A40       0
                text18                             1542     1542        4      A40       0
                text17                             1550     1550        2      A40       0
                text16                             153E     153E        4      A40       0
                text15                             153A     153A        4      A40       0
                text14                             1536     1536        4      A40       0
                text13                             1532     1532        4      A40       0
                text12                             152E     152E        4      A40       0
                text11                             152A     152A        4      A40       0
                text10                             14CE     14CE       1A      A40       0
                text9                              14B4     14B4       1A      A40       0
                text8                              149A     149A       1A      A40       0
                text7                              1480     1480       1A      A40       0
                text6                              150C     150C        C      A40       0
                text5                              1500     1500        C      A40       0
                text4                              1522     1522        8      A40       0
                text3                              14F4     14F4        C      A40       0
                intcode_body                       1016     1016      3E6      80B       0
                text1                              154E     154E        2      A40       0
                text0                              14E8     14E8        C      A40       0
                cstackCOMRAM                         79       79        1        1       1
                dataBANK0                            80       80        A       80       1
                bssBANK0                             8A       8A        6       80       1
                dataCOMRAM                           5A       5A       1F        1       1
                bssCOMRAM                             1        1       59        1       1
                cinit                              13FC     13FC       64      80B       0
                idataBANK0                         1518     1518        A      A40       0
                idataCOMRAM                        1460     1460       1F      80B       0

TOTAL           Name                               Link     Load   Length     Space
        CLASS   CODE           
                intcode                               8        8        6         0
                init                                  E        E        4         0
                reset_vec                             0        0        4         0
                text20                             154A     154A        4         0
                text19                             1546     1546        4         0
                text18                             1542     1542        4         0
                text17                             1550     1550        2         0
                text16                             153E     153E        4         0
                text15                             153A     153A        4         0
                text14                             1536     1536        4         0
                text13                             1532     1532        4         0
                text12                             152E     152E        4         0
                text11                             152A     152A        4         0
                text10                             14CE     14CE       1A         0
                text9                              14B4     14B4       1A         0
                text8                              149A     149A       1A         0
                text7                              1480     1480       1A         0
                text6                              150C     150C        C         0
                text5                              1500     1500        C         0
                text4                              1522     1522        8         0
                text3                              14F4     14F4        C         0
                intcode_body                       1016     1016      3E6         0
                text1                              154E     154E        2         0
                text0                              14E8     14E8        C         0
                cinit                              13FC     13FC       64         0
                idataBANK0                         1518     1518        A         0
                idataCOMRAM                        1460     1460       1F         0

        CLASS   CONST          

        CLASS   SMALLCONST     
                smallconst                         1000     1000       16         0

        CLASS   MEDIUMCONST    

        CLASS   COMRAM         
                temp                                 7A       7A        1         1
                cstackCOMRAM                         79       79        1         1
                dataCOMRAM                           5A       5A       1F         1
                bssCOMRAM                             1        1       59         1

        CLASS   ABS1           

        CLASS   BIGRAM         

        CLASS   RAM            

        CLASS   BANK0          
                dataBANK0                            80       80        A         1
                bssBANK0                             8A       8A        6         1

        CLASS   BANK1          

        CLASS   BANK2          

        CLASS   BANK3          

        CLASS   BANK4          

        CLASS   BANK5          

        CLASS   BANK6          

        CLASS   BANK7          

        CLASS   BANK8          

        CLASS   BANK9          

        CLASS   BANK10         

        CLASS   BANK11         

        CLASS   BANK12         

        CLASS   BANK13         

        CLASS   BANK14         

        CLASS   BANK15         

        CLASS   SFR            

        CLASS   BIGSFR         

        CLASS   CONFIG         
                config                           300000   300000        E         4

        CLASS   IDLOC          

        CLASS   EEDATA         

        CLASS   FARRAM         

        CLASS   HEAP           

        CLASS   STACK          



SEGMENTS        Name                           Load    Length   Top    Selector   Space  Class

                reset_vec                      000000  000004  000004         0       0  CODE    
                bssCOMRAM                      000001  00007A  00007B         1       1  COMRAM  
                intcode                        000008  00000A  000012         4       0  CODE    
                dataBANK0                      000080  000010  000090        80       1  BANK0   
                smallconst                     001000  000016  001016       800       0  SMALLCON
                intcode_body                   001016  000469  00147F       80B       0  CODE    
                text7                          001480  0000D2  001552       A40       0  CODE    


UNUSED ADDRESS RANGES

        Name                Unused          Largest block    Delta
        BANK0            000090-0000FF               70
        BANK1            000100-0001FF              100
        BANK10           000A00-000AFF              100
        BANK11           000B00-000BFF              100
        BANK12           000C00-000CFF              100
        BANK13           000D00-000DFF              100
        BANK14           000E00-000EFF              100
        BANK15           000F00-000F7F               80
        BANK2            000200-0002FF              100
        BANK3            000300-0003FF              100
        BANK4            000400-0004FF              100
        BANK5            000500-0005FF              100
        BANK6            000600-0006FF              100
        BANK7            000700-0007FF              100
        BANK8            000800-0008FF              100
        BANK9            000900-0009FF              100
        BIGRAM           00007B-00007F                5
                         000090-000F7F              EF0
        BIGSFR           000F80-000FFF               80
        CODE             000004-000007                4
                         000012-000FFF              FEE
                         00147F-00147F                1
                         001552-00FFFF             EAAE
        COMRAM           00007B-00007F                5
        CONST            000004-000007                4
                         000012-000FFF              FEE
                         00147F-00147F                1
                         001552-00FFFF             EAAE
        EEDATA           F00000-F003FF              400
        IDLOC            200000-200007                8
        MEDIUMCONST      00147F-00147F                1
                         001552-00FFFF             EAAE
        RAM              000090-000F7F              100
        SFR              000F80-000FFF               80
        SMALLCONST       00147F-00147F                1
                         001552-00FFFF              100

                                  Symbol Table

MSSP_SPI_Msster_Mode_GPIO_PIN_Configurations@F3102 dataCOMRAM   000074
MSSP_SPI_Msster_Mode_GPIO_PIN_Configurations@F3104 dataCOMRAM   000073
MSSP_SPI_Msster_Mode_GPIO_PIN_Configurations@F3106 dataCOMRAM   000072
MSSP_SPI_Slave_Mode_GPIO_PIN_Configurations@F3111  dataCOMRAM   000071
MSSP_SPI_Slave_Mode_GPIO_PIN_Configurations@F3113  dataCOMRAM   000070
MSSP_SPI_Slave_Mode_GPIO_PIN_Configurations@F3115  dataCOMRAM   00006F
MSSP_SPI_Slave_Mode_GPIO_PIN_Configurations@F3117  dataCOMRAM   00006E
RB4_ISR@RB4_Source                                 cstackCOMRAM 000079
RB5_ISR@RB5_Source                                 cstackCOMRAM 000079
RB6_ISR@RB6_Source                                 cstackCOMRAM 000079
RB7_ISR@RB7_Source                                 cstackCOMRAM 000079
_ADCON0bits                                        (abs)        000FC2
_ADCON1bits                                        (abs)        000FC1
_ADCON2bits                                        (abs)        000FC0
_ADC_ISR                                           text20       00154A
_ADC_InterruptHandler                              bssCOMRAM    00003B
_ADRESH                                            (abs)        000FC4
_ADRESL                                            (abs)        000FC3
_BAUDCONbits                                       (abs)        000FB8
_CCP1CONbits                                       (abs)        000FBD
_CCP1_ISR                                          text19       001546
_CCP1_InterruptHandler                             bssCOMRAM    000039
_CCP2CONbits                                       (abs)        000FBA
_CCP2_ISR                                          text18       001542
_CCP2_InterruptHandler                             bssCOMRAM    000037
_CCPR1L                                            (abs)        000FBE
_CCPR2L                                            (abs)        000FBB
_EEADR                                             (abs)        000FA9
_EEADRH                                            (abs)        000FAA
_EECON1bits                                        (abs)        000FA6
_EECON2                                            (abs)        000FA7
_EEDATA                                            (abs)        000FA8
_EUSART_FramingErrorHandler                        bssCOMRAM    00000D
_EUSART_OverrunErrorHandler                        bssCOMRAM    00000B
_EUSART_RX_ISR                                     text17       001550
_EUSART_RxInterruptHandler                         bssCOMRAM    00000F
_EUSART_TX_ISR                                     text16       00153E
_EUSART_TxInterruptHandler                         bssCOMRAM    000011
_I2C_DefaultInterruptHandle                        bssCOMRAM    000007
_I2C_Report_Receive_Overflow_InterruptHandle       bssCOMRAM    000005
_I2C_Report_Write_Collision_InterruptHandler       bssCOMRAM    000009
_INT0_ISR                                          text15       00153A
_INT0_InterruptHandler                             bssCOMRAM    000035
_INT1_ISR                                          text14       001536
_INT1_InterruptHandler                             bssCOMRAM    000033
_INT2_ISR                                          text13       001532
_INT2_InterruptHandler                             bssCOMRAM    000031
_INTCON2bits                                       (abs)        000FF1
_INTCON3bits                                       (abs)        000FF0
_INTCONbits                                        (abs)        000FF2
_InterruptManager                                  intcode      000008
_LATA                                              (abs)        000F89
_LATB                                              (abs)        000F8A
_LATC                                              (abs)        000F8B
_LATD                                              (abs)        000F8C
_LATE                                              (abs)        000F8D
_LAT_REGESTERS                                     dataCOMRAM   00005A
_MSSP_I2C_BC_ISR                                   text12       00152E
_MSSP_I2C_ISR                                      text11       00152A
_PIE1bits                                          (abs)        000F9D
_PIE2bits                                          (abs)        000FA0
_PIR1bits                                          (abs)        000F9E
_PIR2bits                                          (abs)        000FA1
_PORTA                                             (abs)        000F80
_PORTB                                             (abs)        000F81
_PORTBbits                                         (abs)        000F81
_PORTC                                             (abs)        000F82
_PORTD                                             (abs)        000F83
_PORTE                                             (abs)        000F84
_PORT_REGESTERS                                    dataBANK0    000080
_PR2                                               (abs)        000FCB
_RB4_Flag                                          dataCOMRAM   000078
_RB4_ISR                                           text10       0014CE
_RB4_InterruptHandler_HIGH                         bssCOMRAM    00002F
_RB4_InterruptHandler_LOW                          bssCOMRAM    00002D
_RB5_Flag                                          dataCOMRAM   000077
_RB5_ISR                                           text9        0014B4
_RB5_InterruptHandler_HIGH                         bssCOMRAM    00002B
_RB5_InterruptHandler_LOW                          bssCOMRAM    000029
_RB6_Flag                                          dataCOMRAM   000076
_RB6_ISR                                           text8        00149A
_RB6_InterruptHandler_HIGH                         bssCOMRAM    000027
_RB6_InterruptHandler_LOW                          bssCOMRAM    000025
_RB7_Flag                                          dataCOMRAM   000075
_RB7_ISR                                           text7        001480
_RB7_InterruptHandler_HIGH                         bssCOMRAM    000023
_RB7_InterruptHandler_LOW                          bssCOMRAM    000021
_RCREG                                             (abs)        000FAE
_RCSTAbits                                         (abs)        000FAB
_SPBRG                                             (abs)        000FAF
_SPBRGH                                            (abs)        000FB0
_SSPADD                                            (abs)        000FC8
_SSPBUF                                            (abs)        000FC9
_SSPCON1bits                                       (abs)        000FC6
_SSPCON2bits                                       (abs)        000FC5
_SSPSTATbits                                       (abs)        000FC7
_T0CONbits                                         (abs)        000FD5
_T1CONbits                                         (abs)        000FCD
_T2CONbits                                         (abs)        000FCA
_T3CONbits                                         (abs)        000FB1
_TMR0H                                             (abs)        000FD7
_TMR0L                                             (abs)        000FD6
_TMR0_ISR                                          text6        00150C
_TMR0_InterruptHandler                             bssCOMRAM    00001F
_TMR1H                                             (abs)        000FCF
_TMR1L                                             (abs)        000FCE
_TMR1_ISR                                          text5        001500
_TMR1_InterruptHandler                             bssCOMRAM    00001B
_TMR2                                              (abs)        000FCC
_TMR2_ISR                                          text4        001522
_TMR2_InterruptHandler                             bssCOMRAM    000017
_TMR3H                                             (abs)        000FB3
_TMR3L                                             (abs)        000FB2
_TMR3_ISR                                          text3        0014F4
_TMR3_InterruptHandler                             bssCOMRAM    000015
_TRISA                                             (abs)        000F92
_TRISB                                             (abs)        000F93
_TRISC                                             (abs)        000F94
_TRISCbits                                         (abs)        000F94
_TRISD                                             (abs)        000F95
_TRISE                                             (abs)        000F96
_TRIS_REGESTERS                                    dataCOMRAM   000064
_TXREG                                             (abs)        000FAD
_TXSTAbits                                         (abs)        000FAC
__HRAM                                             (abs)        000000
__H__absolute__                                    __absolute__ 000000
__Habs1                                            abs1         000000
__Hbank0                                           bank0        000000
__Hbank1                                           bank1        000000
__Hbank10                                          bank10       000000
__Hbank11                                          bank11       000000
__Hbank12                                          bank12       000000
__Hbank13                                          bank13       000000
__Hbank14                                          bank14       000000
__Hbank15                                          bank15       000000
__Hbank2                                           bank2        000000
__Hbank3                                           bank3        000000
__Hbank4                                           bank4        000000
__Hbank5                                           bank5        000000
__Hbank6                                           bank6        000000
__Hbank7                                           bank7        000000
__Hbank8                                           bank8        000000
__Hbank9                                           bank9        000000
__Hbigbss                                          bigbss       000000
__Hbigdata                                         bigdata      000000
__Hbigram                                          bigram       000000
__Hbigsfr                                          bigsfr       000000
__Hbss                                             bss          000000
__HbssBANK0                                        bssBANK0     000000
__HbssCOMRAM                                       bssCOMRAM    000000
__Hcinit                                           cinit        000000
__Hclrtext                                         clrtext      000000
__Hcomram                                          comram       000000
__Hconfig                                          config       30000E
__Hconst                                           const        000000
__HcstackCOMRAM                                    cstackCOMRAM 000000
__Hdata                                            data         000000
__HdataBANK0                                       dataBANK0    000000
__HdataCOMRAM                                      dataCOMRAM   000000
__Heeprom_data                                     eeprom_data  000000
__Hfarbss                                          farbss       000000
__Hfardata                                         fardata      000000
__Hheap                                            heap         000000
__Hibigdata                                        ibigdata     000000
__Hidata                                           idata        000000
__HidataBANK0                                      idataBANK0   000000
__HidataCOMRAM                                     idataCOMRAM  000000
__Hidloc                                           idloc        000000
__Hifardata                                        ifardata     000000
__Hinit                                            init         000012
__Hintcode                                         intcode      00000E
__Hintcode_body                                    intcode_body 000000
__Hintcodelo                                       intcodelo    00000E
__Hintentry                                        intentry     000000
__Hintret                                          intret       000000
__Hintsave_regs                                    intsave_regs 000000
__Hirdata                                          irdata       000000
__Hmediumconst                                     mediumconst  000000
__HnvFARRAM                                        nvFARRAM     000000
__Hnvbit                                           nvbit        000000
__Hnvrram                                          nvrram       000000
__Hparam                                           rparam       000000
__Hpowerup                                         powerup      00000E
__Hram                                             ram          000000
__Hramtop                                          ramtop       001000
__Hrbit                                            rbit         000000
__Hrbss                                            rbss         000000
__Hrdata                                           rdata        000000
__Hreset_vec                                       reset_vec    000004
__Hrparam                                          rparam       000000
__Hsfr                                             sfr          000000
__Hsmallconst                                      smallconst   001016
__Hspace_0                                         (abs)        001552
__Hspace_1                                         (abs)        000090
__Hspace_2                                         (abs)        000000
__Hspace_4                                         (abs)        60000E
__Hstack                                           stack        000000
__Hstruct                                          struct       000000
__Htemp                                            temp         00007B
__Htext                                            text         000000
__Htext0                                           text0        000000
__Htext1                                           text1        000000
__Htext10                                          text10       000000
__Htext11                                          text11       000000
__Htext12                                          text12       000000
__Htext13                                          text13       000000
__Htext14                                          text14       000000
__Htext15                                          text15       000000
__Htext16                                          text16       000000
__Htext17                                          text17       000000
__Htext18                                          text18       000000
__Htext19                                          text19       000000
__Htext20                                          text20       000000
__Htext3                                           text3        000000
__Htext4                                           text4        000000
__Htext5                                           text5        000000
__Htext6                                           text6        000000
__Htext7                                           text7        000000
__Htext8                                           text8        000000
__Htext9                                           text9        000000
__LRAM                                             (abs)        000001
__L__absolute__                                    __absolute__ 000000
__Labs1                                            abs1         000000
__Lbank0                                           bank0        000000
__Lbank1                                           bank1        000000
__Lbank10                                          bank10       000000
__Lbank11                                          bank11       000000
__Lbank12                                          bank12       000000
__Lbank13                                          bank13       000000
__Lbank14                                          bank14       000000
__Lbank15                                          bank15       000000
__Lbank2                                           bank2        000000
__Lbank3                                           bank3        000000
__Lbank4                                           bank4        000000
__Lbank5                                           bank5        000000
__Lbank6                                           bank6        000000
__Lbank7                                           bank7        000000
__Lbank8                                           bank8        000000
__Lbank9                                           bank9        000000
__Lbigbss                                          bigbss       000000
__Lbigdata                                         bigdata      000000
__Lbigram                                          bigram       000000
__Lbigsfr                                          bigsfr       000000
__Lbss                                             bss          000000
__LbssBANK0                                        bssBANK0     000000
__LbssCOMRAM                                       bssCOMRAM    000000
__Lcinit                                           cinit        000000
__Lclrtext                                         clrtext      000000
__Lcomram                                          comram       000000
__Lconfig                                          config       000000
__Lconst                                           const        000000
__LcstackCOMRAM                                    cstackCOMRAM 000000
__Ldata                                            data         000000
__LdataBANK0                                       dataBANK0    000000
__LdataCOMRAM                                      dataCOMRAM   000000
__Leeprom_data                                     eeprom_data  000000
__Lfarbss                                          farbss       000000
__Lfardata                                         fardata      000000
__Lheap                                            heap         000000
__Libigdata                                        ibigdata     000000
__Lidata                                           idata        000000
__LidataBANK0                                      idataBANK0   000000
__LidataCOMRAM                                     idataCOMRAM  000000
__Lidloc                                           idloc        000000
__Lifardata                                        ifardata     000000
__Linit                                            init         00000E
__Lintcode                                         intcode      000008
__Lintcode_body                                    intcode_body 000000
__Lintcodelo                                       intcodelo    00000E
__Lintentry                                        intentry     000000
__Lintret                                          intret       000000
__Lintsave_regs                                    intsave_regs 000000
__Lirdata                                          irdata       000000
__Lmediumconst                                     mediumconst  000000
__LnvFARRAM                                        nvFARRAM     000000
__Lnvbit                                           nvbit        000000
__Lnvrram                                          nvrram       000000
__Lparam                                           rparam       000000
__Lpowerup                                         powerup      00000E
__Lram                                             ram          000000
__Lramtop                                          ramtop       001000
__Lrbit                                            rbit         000000
__Lrbss                                            rbss         000000
__Lrdata                                           rdata        000000
__Lreset_vec                                       reset_vec    000000
__Lrparam                                          rparam       000000
__Lsfr                                             sfr          000000
__Lsmallconst                                      smallconst   001000
__Lspace_0                                         (abs)        000000
__Lspace_1                                         (abs)        000000
__Lspace_2                                         (abs)        000000
__Lspace_4                                         (abs)        000000
__Lstack                                           stack        000000
__Lstruct                                          struct       000000
__Ltemp                                            temp         00007A
__Ltext                                            text         000000
__Ltext0                                           text0        000000
__Ltext1                                           text1        000000
__Ltext10                                          text10       000000
__Ltext11                                          text11       000000
__Ltext12                                          text12       000000
__Ltext13                                          text13       000000
__Ltext14                                          text14       000000
__Ltext15                                          text15       000000
__Ltext16                                          text16       000000
__Ltext17                                          text17       000000
__Ltext18                                          text18       000000
__Ltext19                                          text19       000000
__Ltext20                                          text20       000000
__Ltext3                                           text3        000000
__Ltext4                                           text4        000000
__Ltext5                                           text5        000000
__Ltext6                                           text6        000000
__Ltext7                                           text7        000000
__Ltext8                                           text8        000000
__Ltext9                                           text9        000000
__S0                                               (abs)        001552
__S1                                               (abs)        000090
__S4                                               (abs)        000000
__S5                                               (abs)        000000
___heap_hi                                         (abs)        000000
___heap_lo                                         (abs)        000000
___inthi_sp                                        stack        000000
___inthi_stack_hi                                  stack        000000
___inthi_stack_lo                                  stack        000000
___intlo_sp                                        stack        000000
___intlo_stack_hi                                  stack        000000
___intlo_stack_lo                                  stack        000000
___param_bank                                      (abs)        000000
___rparam_used                                     (abs)        000001
___sp                                              stack        000000
___stack_hi                                        stack        000000
___stack_lo                                        stack        000000
__accesstop                                        (abs)        000080
__activetblptr                                     (abs)        000003
__end_of_ADC_ISR                                   text20       00154E
__end_of_CCP1_ISR                                  text19       00154A
__end_of_CCP2_ISR                                  text18       001546
__end_of_EUSART_RX_ISR                             text17       001552
__end_of_EUSART_TX_ISR                             text16       001542
__end_of_INT0_ISR                                  text15       00153E
__end_of_INT1_ISR                                  text14       00153A
__end_of_INT2_ISR                                  text13       001536
__end_of_InterruptManager                          intcode_body 0013FC
__end_of_MSSP_I2C_BC_ISR                           text12       001532
__end_of_MSSP_I2C_ISR                              text11       00152E
__end_of_RB4_ISR                                   text10       0014E8
__end_of_RB5_ISR                                   text9        0014CE
__end_of_RB6_ISR                                   text8        0014B4
__end_of_RB7_ISR                                   text7        00149A
__end_of_TMR0_ISR                                  text6        001518
__end_of_TMR1_ISR                                  text5        00150C
__end_of_TMR2_ISR                                  text4        00152A
__end_of_TMR3_ISR                                  text3        001500
__end_of__initialization                           cinit        001456
__end_of_application_intialize                     text1        001550
__end_of_btn_values                                smallconst   001011
__end_of_main                                      text0        0014F4
__initialization                                   cinit        0013FC
__mediumconst                                      mediumconst  000000
__pbssBANK0                                        bssBANK0     00008A
__pbssCOMRAM                                       bssCOMRAM    000001
__pcinit                                           cinit        0013FC
__pcstackCOMRAM                                    cstackCOMRAM 000079
__pdataBANK0                                       dataBANK0    000080
__pdataCOMRAM                                      dataCOMRAM   00005A
__pidataBANK0                                      idataBANK0   001518
__pidataCOMRAM                                     idataCOMRAM  001460
__pintcode                                         intcode      000008
__pintcode_body                                    intcode_body 001016
__psmallconst                                      smallconst   001000
__ptext0                                           text0        0014E8
__ptext1                                           text1        00154E
__ptext10                                          text10       0014CE
__ptext11                                          text11       00152A
__ptext12                                          text12       00152E
__ptext13                                          text13       001532
__ptext14                                          text14       001536
__ptext15                                          text15       00153A
__ptext16                                          text16       00153E
__ptext17                                          text17       001550
__ptext18                                          text18       001542
__ptext19                                          text19       001546
__ptext20                                          text20       00154A
__ptext3                                           text3        0014F4
__ptext4                                           text4        001522
__ptext5                                           text5        001500
__ptext6                                           text6        00150C
__ptext7                                           text7        001480
__ptext8                                           text8        00149A
__ptext9                                           text9        0014B4
__ramtop                                           ramtop       001000
__smallconst                                       smallconst   001000
_application_intialize                             text1        00154E
_btn_values                                        smallconst   001001
_main                                              text0        0014E8
_timer0_preload                                    bssCOMRAM    00001D
_timer1_preload                                    bssCOMRAM    000019
_timer2_preload                                    bssCOMRAM    00003D
_timer3_preload                                    bssCOMRAM    000013
btemp                                              temp         00007A
button_initialize@F3060                            bssCOMRAM    000058
button_read_state@F3067                            bssCOMRAM    000057
dc_motor_intialize@F3057                           bssCOMRAM    00004E
dc_motor_intialize@F3059                           bssCOMRAM    00004D
dc_motor_move_left@F3071                           bssCOMRAM    00004A
dc_motor_move_left@F3073                           bssCOMRAM    000049
dc_motor_move_right@F3064                          bssCOMRAM    00004C
dc_motor_move_right@F3066                          bssCOMRAM    00004B
dc_motor_stop@F3078                                bssCOMRAM    000048
dc_motor_stop@F3080                                bssCOMRAM    000047
end_of_initialization                              cinit        001456
int$flags                                          temp         00007A
int_func                                           intcode_body 001016
intlevel0                                          text         000000
intlevel1                                          text         000000
intlevel2                                          text         000000
intlevel3                                          text         000000
isa$std                                            (abs)        000001
isa$xinst                                          (abs)        000000
keypad_initialize@F3062                            bssCOMRAM    000046
keypad_initialize@F3064                            bssCOMRAM    000045
lcd_4bit_intialize@F3142                           bssCOMRAM    000056
lcd_4bit_send_char_data@F3154                      bssCOMRAM    000054
lcd_4bit_send_command@F3148                        bssCOMRAM    000055
lcd_4bit_send_enable_signal@F3250                  bssCOMRAM    000050
lcd_8bit_intialize@F3184                           bssCOMRAM    000053
lcd_8bit_send_char_data@F3200                      bssCOMRAM    000051
lcd_8bit_send_command@F3192                        bssCOMRAM    000052
lcd_8bit_send_enable_signal@F3255                  bssCOMRAM    00004F
led_intialize@F3054                                bssCOMRAM    000044
led_toggle@F3069                                   bssCOMRAM    000041
led_turn_off@F3064                                 bssCOMRAM    000042
led_turn_on@F3059                                  bssCOMRAM    000043
relay_intialize@F3052                              bssCOMRAM    000040
relay_turn_off@F3062                               bssCOMRAM    00003E
relay_turn_on@F3057                                bssCOMRAM    00003F
seven_segment_intialize@F3059                      bssCOMRAM    000059
stackhi                                            (abs)        000000
stacklo                                            (abs)        000000
start                                              init         00000E
start_initialization                               cinit        0013FC
ttemp5                                             temp         00007B
ttemp6                                             temp         00007E
ttemp7                                             temp         000082
wtemp8                                             temp         00007B


MODULE INFORMATION

Module		Function		Class		Link	Load	Size
MCAL_Layer/I2C/hal_i2c.c
		_MSSP_I2C_ISR  		CODE           	152A	0000	4
		_MSSP_I2C_BC_ISR		CODE           	152E	0000	4

MCAL_Layer/I2C/hal_i2c.c estimated size: 8

shared
		_btn_values    		SMALLCONST     	1001	0000	16
		__initialization		CODE           	13FC	0000	90

shared estimated size: 106

MCAL_Layer/Interrupt/mcal_external_interrupt.c
		_RB4_ISR       		CODE           	14CE	0000	26
		_RB5_ISR       		CODE           	14B4	0000	26
		_RB6_ISR       		CODE           	149A	0000	26
		_RB7_ISR       		CODE           	1480	0000	26
		_INT0_ISR      		CODE           	153A	0000	4
		_INT1_ISR      		CODE           	1536	0000	4
		_INT2_ISR      		CODE           	1532	0000	4

MCAL_Layer/Interrupt/mcal_external_interrupt.c estimated size: 116

MCAL_Layer/ADC/hal_adc.c
		_ADC_ISR       		CODE           	154A	0000	4

MCAL_Layer/ADC/hal_adc.c estimated size: 4

MCAL_Layer/Interrupt/mcal_interrupt_manager.c
		_InterruptManager		CODE           	0008	0000	1004

MCAL_Layer/Interrupt/mcal_interrupt_manager.c estimated size: 1004

MCAL_Layer/USART/hal_usart.c
		_EUSART_RX_ISR 		CODE           	1550	0000	2
		_EUSART_TX_ISR 		CODE           	153E	0000	4

MCAL_Layer/USART/hal_usart.c estimated size: 6

application.c
		_main          		CODE           	14E8	0000	12
		_application_intialize		CODE           	154E	0000	2

application.c estimated size: 14

MCAL_Layer/Timer3/hal_timer3.c
		_TMR3_ISR      		CODE           	14F4	0000	12

MCAL_Layer/Timer3/hal_timer3.c estimated size: 12

MCAL_Layer/Timer2/hal_timer2.c
		_TMR2_ISR      		CODE           	1522	0000	8

MCAL_Layer/Timer2/hal_timer2.c estimated size: 8

MCAL_Layer/Timer1/hal_timer1.c
		_TMR1_ISR      		CODE           	1500	0000	12

MCAL_Layer/Timer1/hal_timer1.c estimated size: 12

MCAL_Layer/Timer0/hal_timer0.c
		_TMR0_ISR      		CODE           	150C	0000	12

MCAL_Layer/Timer0/hal_timer0.c estimated size: 12

MCAL_Layer/CCP/hal_ccp.c
		_CCP1_ISR      		CODE           	1546	0000	4
		_CCP2_ISR      		CODE           	1542	0000	4

MCAL_Layer/CCP/hal_ccp.c estimated size: 8

